
> medical-radar@0.0.0 build
> vite build

[36mvite v7.3.0 [32mbuilding client environment for production...[36m[39m
transforming...
[32mΓ£ô[39m 2498 modules transformed.
node.exe : [31mΓ£ù[39m 
Build failed in 3.70s
At C:\Program 
Files\nodejs\npm.ps1:29 
char:3
+   & $NODE_EXE $NPM_CLI_JS 
$args
+   ~~~~~~~~~~~~~~~~~~~~~~~~
~~~~~
    + CategoryInfo          
    : NotSpecified: ([31m  
  Γ£ù[39m Build failed i   
 n 3.70s:String) [], Rem    
oteException
    + FullyQualifiedErrorId 
    : NativeCommandError
 
[31merror during build:
[31msrc/store/slices/monito
ringSlice.ts (2:9): 
"fetchPatients" is not 
exported by "src/services/pa
tientService.ts", imported 
by "src/store/slices/monitor
ingSlice.ts".[31m
file: [36mC:/Users/bezal/On
eDrive/Documents/MIJ/medical
-radar/src/store/slices/moni
toringSlice.ts:2:9[31m
[33m
1: import { createSlice, 
createAsyncThunk, 
PayloadAction } from 
'@reduxjs/toolkit';
2: import { fetchPatients } 
from '../../services/patient
Service';
            ^
3: 
4: export type 
PatientStatus = 'ACTIVE' | 
'DISCHARGED' | 
'TRANSFERRED';
[31m
    at getRollupError (file:
///C:/Users/bezal/OneDrive/D
ocuments/MIJ/medical-radar/n
ode_modules/rollup/dist/es/s
hared/parseAst.js:401:41)
    at error (file:///C:/Use
rs/bezal/OneDrive/Documents/
MIJ/medical-radar/node_modul
es/rollup/dist/es/shared/par
seAst.js:397:42)
    at Module.error (file://
/C:/Users/bezal/OneDrive/Doc
uments/MIJ/medical-radar/nod
e_modules/rollup/dist/es/sha
red/node-entry.js:17022:16)
    at Module.traceVariable 
(file:///C:/Users/bezal/OneD
rive/Documents/MIJ/medical-r
adar/node_modules/rollup/dis
t/es/shared/node-entry.js:17
478:29)
    at 
ModuleScope.findVariable (fi
le:///C:/Users/bezal/OneDriv
e/Documents/MIJ/medical-rada
r/node_modules/rollup/dist/e
s/shared/node-entry.js:15141
:39)
    at ReturnValueScope.find
Variable (file:///C:/Users/b
ezal/OneDrive/Documents/MIJ/
medical-radar/node_modules/r
ollup/dist/es/shared/node-en
try.js:5688:38)
    at FunctionBodyScope.fin
dVariable (file:///C:/Users/
bezal/OneDrive/Documents/MIJ
/medical-radar/node_modules/
rollup/dist/es/shared/node-e
ntry.js:5688:38)
    at 
BlockScope.findVariable (fil
e:///C:/Users/bezal/OneDrive
/Documents/MIJ/medical-radar
/node_modules/rollup/dist/es
/shared/node-entry.js:5688:3
8)
    at Identifier.bind (file
:///C:/Users/bezal/OneDrive/
Documents/MIJ/medical-radar/
node_modules/rollup/dist/es/
shared/node-entry.js:5462:40
)
    at CallExpression.bind (
file:///C:/Users/bezal/OneDr
ive/Documents/MIJ/medical-ra
dar/node_modules/rollup/dist
/es/shared/node-entry.js:282
9:23)[39m
